------------------------------------------------------------
Timing Analyzer Summary
------------------------------------------------------------

Type  : Slow 1100mV 85C Model Setup 'clk'
Slack : -6.441
TNS   : -1058.308

Type  : Slow 1100mV 85C Model Hold 'clk'
Slack : 0.283
TNS   : 0.000

Type  : Slow 1100mV 85C Model Minimum Pulse Width 'clk'
Slack : -0.394
TNS   : -253.425

Type  : Slow 1100mV 0C Model Setup 'clk'
Slack : -6.484
TNS   : -1046.458

Type  : Slow 1100mV 0C Model Hold 'clk'
Slack : 0.332
TNS   : 0.000

Type  : Slow 1100mV 0C Model Minimum Pulse Width 'clk'
Slack : -0.394
TNS   : -276.484

Type  : Fast 1100mV 85C Model Setup 'clk'
Slack : -3.223
TNS   : -438.044

Type  : Fast 1100mV 85C Model Hold 'clk'
Slack : 0.206
TNS   : 0.000

Type  : Fast 1100mV 85C Model Minimum Pulse Width 'clk'
Slack : -0.095
TNS   : -34.106

Type  : Fast 1100mV 0C Model Setup 'clk'
Slack : -2.931
TNS   : -371.453

Type  : Fast 1100mV 0C Model Hold 'clk'
Slack : 0.193
TNS   : 0.000

Type  : Fast 1100mV 0C Model Minimum Pulse Width 'clk'
Slack : -0.091
TNS   : -37.804

------------------------------------------------------------
